
> banking-budget-ui@0.0.1 dev
> vite --host 127.0.0.1 --port 5177


  VITE v6.4.2  ready in 404 ms

  ➜  Local:   http://127.0.0.1:5177/
  ➜  press h + enter to show help
2:03:43 PM [vite] (client) page reload dist/index.html
2:03:43 PM [vite] (client) page reload dist/index.html
2:12:28 PM [vite] (client) page reload dist/index.html
2:12:28 PM [vite] (client) page reload dist/index.html
3:16:09 PM [vite] (client) hmr update /src/app/components/DataSyncManagementContent.tsx, /src/styles/index.css
3:19:33 PM [vite] (client) page reload dist/index.html
3:19:33 PM [vite] (client) page reload dist/index.html
3:20:00 PM [vite] (client) hmr update /src/app/components/DataSyncManagementContent.tsx, /src/styles/index.css
3:20:10 PM [vite] (client) page reload dist/index.html
3:20:10 PM [vite] (client) page reload dist/index.html
3:20:31 PM [vite] (client) page reload dist/index.html
3:20:31 PM [vite] (client) page reload dist/index.html
3:20:39 PM [vite] (client) hmr update /src/app/components/DataSyncManagementContent.tsx, /src/styles/index.css
3:20:45 PM [vite] (client) page reload dist/index.html
3:20:46 PM [vite] (client) page reload dist/index.html
3:23:10 PM [vite] http proxy error: /api/session
Error: connect ECONNREFUSED 127.0.0.1:8003
    at TCPConnectWrap.afterConnect [as oncomplete] (node:net:1705:16)
3:23:10 PM [vite] http proxy error: /api/session
Error: connect ECONNREFUSED 127.0.0.1:8003
    at TCPConnectWrap.afterConnect [as oncomplete] (node:net:1705:16)
3:23:11 PM [vite] http proxy error: /api/login
Error: connect ECONNREFUSED 127.0.0.1:8003
    at TCPConnectWrap.afterConnect [as oncomplete] (node:net:1705:16)
3:23:28 PM [vite] http proxy error: /api/session
Error: connect ECONNREFUSED 127.0.0.1:8003
    at TCPConnectWrap.afterConnect [as oncomplete] (node:net:1705:16)
3:23:28 PM [vite] http proxy error: /api/session
Error: connect ECONNREFUSED 127.0.0.1:8003
    at TCPConnectWrap.afterConnect [as oncomplete] (node:net:1705:16)
3:23:29 PM [vite] http proxy error: /api/login
Error: connect ECONNREFUSED 127.0.0.1:8003
    at TCPConnectWrap.afterConnect [as oncomplete] (node:net:1705:16)
3:23:34 PM [vite] http proxy error: /api/session
Error: connect ECONNREFUSED 127.0.0.1:8003
    at TCPConnectWrap.afterConnect [as oncomplete] (node:net:1705:16)
3:23:34 PM [vite] http proxy error: /api/session
Error: connect ECONNREFUSED 127.0.0.1:8003
    at TCPConnectWrap.afterConnect [as oncomplete] (node:net:1705:16)
3:23:35 PM [vite] http proxy error: /api/login
Error: connect ECONNREFUSED 127.0.0.1:8003
    at TCPConnectWrap.afterConnect [as oncomplete] (node:net:1705:16)
3:24:30 PM [vite] http proxy error: /api/session
Error: connect ECONNREFUSED 127.0.0.1:8003
    at TCPConnectWrap.afterConnect [as oncomplete] (node:net:1705:16)
4:07:33 PM [vite] (client) hmr update /src/app/App.tsx, /src/styles/index.css, /src/app/components/StatusBar.tsx, /src/app/components/ChatBot.tsx, /src/app/components/DataAccountContent.tsx, /src/app/components/BudgetSubjectCatalogContent.tsx, /src/app/components/DataProductContent.tsx, /src/app/components/ExpenseActualImportContent.tsx, /src/app/components/DataReportContent.tsx, /src/app/components/DataDepartmentContent.tsx, /src/app/components/BudgetInputContent.tsx, /src/app/components/ExpenseForecastContent.tsx, /src/app/components/PivotTableContent.tsx, /src/app/components/ExpenseBudgetExecutionContent.tsx, /src/app/components/DataSyncManagementContent.tsx, /src/app/components/ConfigUserContent.tsx, /src/app/components/ConfigSystemContent.tsx, /src/app/components/AgentDialogTestContent.tsx, /src/app/components/BudgetPredictionContent.tsx, /src/app/components/PivotChartContent.tsx, /src/app/components/ExcelUploadDialog.tsx, /src/app/components/FormulaEditorDialog.tsx, /src/app/components/BudgetInputExcelUploadDialog.tsx
4:08:51 PM [vite] (client) hmr update /src/app/components/BudgetPredictionContent.tsx, /src/styles/index.css
4:08:59 PM [vite] (client) hmr update /src/app/components/BudgetPredictionContent.tsx, /src/styles/index.css
4:09:26 PM [vite] (client) hmr update /src/app/components/BudgetPredictionContent.tsx, /src/styles/index.css
4:10:17 PM [vite] (client) hmr update /src/app/components/BudgetPredictionContent.tsx, /src/styles/index.css
4:10:28 PM [vite] (client) hmr update /src/app/components/BudgetPredictionContent.tsx, /src/styles/index.css
4:10:39 PM [vite] (client) hmr update /src/app/components/BudgetPredictionContent.tsx, /src/styles/index.css
4:10:59 PM [vite] (client) hmr update /src/app/components/BudgetPredictionContent.tsx, /src/styles/index.css
4:11:46 PM [vite] (client) page reload dist/index.html
4:11:46 PM [vite] (client) page reload dist/index.html
